{"result":["false"],"result-err":[false],"success":true,"status":"L U U N N 4 24 80 0 0 0x0 0.000"}
{"result":["true"],"result-err":[false],"success":true,"status":"L U U N N 4 24 80 0 0 0x0 0.000"}
L U U N N 4 24 80 0 0 0x0 0.000
ok
