data: JSON parse error: line 1, column 4: Invalid bareword
L U U N N 4 24 80 0 0 0x0 0.000
error
L U U N N 4 24 80 0 0 0x0 0.000
ok
